// Jest Snapshot v1, https://goo.gl/fbAQLP

exports[`The Home component renders correctly 1`] = `
<div
  className="home"
>
  Hello World!
</div>
`;
