// Jest Snapshot v1, https://goo.gl/fbAQLP

exports[`The Spinner component renders correctly 1`] = `
<div
  className="
      spinner
      
    "
  type="spinner"
/>
`;
