// Jest Snapshot v1, https://goo.gl/fbAQLP

exports[`The Separator component renders correctly 1`] = `
<div
  className="separator"
/>
`;
