// Jest Snapshot v1, https://goo.gl/fbAQLP

exports[`The Participants component renders correctly 1`] = `
<div
  className="participants"
>
  <div
    className="chips-list"
  />
</div>
`;
